error[E0658]: `mut` restrictions are experimental
  --> $DIR/mut-feature-gate.rs:9:9
   |
LL |     pub mut(self) alpha: u8,
   |         ^^^^^^^^^
   |
   = note: see issue #105077 <https://github.com/rust-lang/rust/issues/105077> for more information
   = help: add `#![feature(mut_restriction)]` to the crate attributes to enable

error: aborting due to previous error

For more information about this error, try `rustc --explain E0658`.
